../Drivers/Scr/stm32f103xx_gpio.c:12:6:GPIO_CLK_Status	16	static
../Drivers/Scr/stm32f103xx_gpio.c:47:6:GPIO_Setup	24	static
../Drivers/Scr/stm32f103xx_gpio.c:77:6:GPIO_Input_Init	16	static
../Drivers/Scr/stm32f103xx_gpio.c:104:6:GPIO_Output_Init	16	static
../Drivers/Scr/stm32f103xx_gpio.c:116:6:GPIO_DeInit	16	static
../Drivers/Scr/stm32f103xx_gpio.c:134:9:GPIO_ReadPin	16	static
../Drivers/Scr/stm32f103xx_gpio.c:142:10:GPIO_ReadPort	16	static
../Drivers/Scr/stm32f103xx_gpio.c:151:6:GPIO_WritePin	16	static
../Drivers/Scr/stm32f103xx_gpio.c:166:6:GPIO_WritePort	16	static
../Drivers/Scr/stm32f103xx_gpio.c:174:6:GPIO_TogglePin	16	static
../Drivers/Scr/stm32f103xx_gpio.c:181:6:GPIO_BLINK_LED	8	static
